gamma 22 0.02 tables/mono/gamma_0.02.tab
gamma 22 0.0302664 tables/mono/gamma_0.03027.tab
gamma 22 0.0458029 tables/mono/gamma_0.0458.tab
gamma 22 0.0693145 tables/mono/gamma_0.06931.tab
gamma 22 0.104895 tables/mono/gamma_0.1049.tab
gamma 22 0.15874 tables/mono/gamma_0.1587.tab
gamma 22 0.240225 tables/mono/gamma_0.2402.tab
gamma 22 0.363538 tables/mono/gamma_0.3635.tab
gamma 22 0.550149 tables/mono/gamma_0.5501.tab
gamma 22 0.832553 tables/mono/gamma_0.8326.tab
gamma 22 1.25992 tables/mono/gamma_1.26.tab
gamma 22 1.90667 tables/mono/gamma_1.907.tab
gamma 22 2.8854 tables/mono/gamma_2.885.tab
gamma 22 4.36654 tables/mono/gamma_4.367.tab
gamma 22 6.60798 tables/mono/gamma_6.608.tab
gamma 22 10 tables/mono/gamma_10.tab
neutron 2112 1e-08 tables/mono/neutron_1e-08.tab
neutron 2112 5.4117e-08 tables/mono/neutron_5.412e-08.tab
neutron 2112 2.92864e-07 tables/mono/neutron_2.929e-07.tab
neutron 2112 1.58489e-06 tables/mono/neutron_1.585e-06.tab
neutron 2112 8.57696e-06 tables/mono/neutron_8.577e-06.tab
neutron 2112 4.64159e-05 tables/mono/neutron_4.642e-05.tab
neutron 2112 0.000251189 tables/mono/neutron_0.0002512.tab
neutron 2112 0.00135936 tables/mono/neutron_0.001359.tab
neutron 2112 0.00735642 tables/mono/neutron_0.007356.tab
neutron 2112 0.0398107 tables/mono/neutron_0.03981.tab
neutron 2112 0.215443 tables/mono/neutron_0.2154.tab
neutron 2112 1.16591 tables/mono/neutron_1.166.tab
neutron 2112 6.30957 tables/mono/neutron_6.31.tab
neutron 2112 34.1455 tables/mono/neutron_34.15.tab
neutron 2112 184.785 tables/mono/neutron_184.8.tab
neutron 2112 1000 tables/mono/neutron_1000.tab
em 11 0.05 tables/mono/em_0.05.tab
em 11 0.123019 tables/mono/em_0.123.tab
em 11 0.302674 tables/mono/em_0.3027.tab
em 11 0.744695 tables/mono/em_0.7447.tab
em 11 1.83223 tables/mono/em_1.832.tab
em 11 4.508 tables/mono/em_4.508.tab
em 11 11.0914 tables/mono/em_11.09.tab
em 11 27.2891 tables/mono/em_27.29.tab
em 11 67.1416 tables/mono/em_67.14.tab
em 11 165.194 tables/mono/em_165.2.tab
em 11 406.441 tables/mono/em_406.4.tab
em 11 1000 tables/mono/em_1000.tab
ep -11 0.05 tables/mono/ep_0.05.tab
ep -11 0.123019 tables/mono/ep_0.123.tab
ep -11 0.302674 tables/mono/ep_0.3027.tab
ep -11 0.744695 tables/mono/ep_0.7447.tab
ep -11 1.83223 tables/mono/ep_1.832.tab
ep -11 4.508 tables/mono/ep_4.508.tab
ep -11 11.0914 tables/mono/ep_11.09.tab
ep -11 27.2891 tables/mono/ep_27.29.tab
ep -11 67.1416 tables/mono/ep_67.14.tab
ep -11 165.194 tables/mono/ep_165.2.tab
ep -11 406.441 tables/mono/ep_406.4.tab
ep -11 1000 tables/mono/ep_1000.tab
mum 13 1 tables/mono/mum_1.tab
mum 13 2.31013 tables/mono/mum_2.31.tab
mum 13 5.3367 tables/mono/mum_5.337.tab
mum 13 12.3285 tables/mono/mum_12.33.tab
mum 13 28.4804 tables/mono/mum_28.48.tab
mum 13 65.7933 tables/mono/mum_65.79.tab
mum 13 151.991 tables/mono/mum_152.tab
mum 13 351.119 tables/mono/mum_351.1.tab
mum 13 811.131 tables/mono/mum_811.1.tab
mum 13 1873.82 tables/mono/mum_1874.tab
mum 13 4328.76 tables/mono/mum_4329.tab
mum 13 10000 tables/mono/mum_1e+04.tab
mup -13 1 tables/mono/mup_1.tab
mup -13 2.31013 tables/mono/mup_2.31.tab
mup -13 5.3367 tables/mono/mup_5.337.tab
mup -13 12.3285 tables/mono/mup_12.33.tab
mup -13 28.4804 tables/mono/mup_28.48.tab
mup -13 65.7933 tables/mono/mup_65.79.tab
mup -13 151.991 tables/mono/mup_152.tab
mup -13 351.119 tables/mono/mup_351.1.tab
mup -13 811.131 tables/mono/mup_811.1.tab
mup -13 1873.82 tables/mono/mup_1874.tab
mup -13 4328.76 tables/mono/mup_4329.tab
mup -13 10000 tables/mono/mup_1e+04.tab
proton 2212 1 tables/mono/proton_1.tab
proton 2212 2.31013 tables/mono/proton_2.31.tab
proton 2212 5.3367 tables/mono/proton_5.337.tab
proton 2212 12.3285 tables/mono/proton_12.33.tab
proton 2212 28.4804 tables/mono/proton_28.48.tab
proton 2212 65.7933 tables/mono/proton_65.79.tab
proton 2212 151.991 tables/mono/proton_152.tab
proton 2212 351.119 tables/mono/proton_351.1.tab
proton 2212 811.131 tables/mono/proton_811.1.tab
proton 2212 1873.82 tables/mono/proton_1874.tab
proton 2212 4328.76 tables/mono/proton_4329.tab
proton 2212 10000 tables/mono/proton_1e+04.tab
